[dotenv@17.3.1] injecting env (12) from .env -- tip: ΓÜÖ∩╕Å  enable debug logging with { debug: true }
JobQueueService: Constructor started
JobQueueService: Config object: { url: 'redis://localhost:6379', maxRetriesPerRequest: null }
JobQueueService: Creating testRedis...
≡ƒñû Testing Refactor Agent...
Step 1: Initializing Service...
JobQueueService: testRedis error: 
{
  message: 'ΓÜá∩╕Å JobQueue: Redis not available. Switching to MOCK MODE.',
  level: 'warn',
  label: 'INSO Code Service',
  timestamp: '2026-02-14T22:11:12.587Z'
}
{
  message: '≡ƒñû RefactorService: Initialized and listening for jobs',
  level: 'info',
  label: 'INSO Code Service',
  timestamp: '2026-02-14T22:11:12.594Z'
}
Step 2: Submitting Task...
{
  message: '[MockQueue] Added job refactor.request to refactor-tasks',
  level: 'info',
  label: 'INSO Code Service',
  timestamp: '2026-02-14T22:11:13.583Z'
}
{
  message: '≡ƒñû RefactorService: Task submitted (Job ID: bx8rt9)',
  level: 'info',
  label: 'INSO Code Service',
  timestamp: '2026-02-14T22:11:13.584Z'
}
Γ£à Task Submitted. Job ID: bx8rt9
Step 3: Waiting for worker to process...
{
  message: '≡ƒñû RefactorService: Processing job bx8rt9 - "Rename function start to init"',
  level: 'info',
  label: 'INSO Code Service',
  timestamp: '2026-02-14T22:11:13.696Z'
}
{
  message: '≡ƒî▓ Tree-sitter Initialized (WASM)',
  level: 'info',
  label: 'INSO Code Service',
  timestamp: '2026-02-14T22:11:13.706Z'
}
{
  message: '≡ƒî▓ Loaded language: javascript',
  level: 'info',
  label: 'INSO Code Service',
  timestamp: '2026-02-14T22:11:13.717Z'
}
{
  message: "   - Parsed src/index.js: Root node type is 'program'",
  level: 'info',
  label: 'INSO Code Service',
  timestamp: '2026-02-14T22:11:13.735Z'
}
{
  message: '   - Applying transformation: Rename function start to init',
  level: 'info',
  label: 'INSO Code Service',
  timestamp: '2026-02-14T22:11:13.736Z'
}
{
  message: '≡ƒñû RefactorService: Job bx8rt9 Completed Successfully',
  level: 'info',
  label: 'INSO Code Service',
  timestamp: '2026-02-14T22:11:13.736Z'
}
Γ¥î Refactor Agent Test Failed: TypeError: job.getState is not a function
    at runTest (file:///C:/Users/hyper/Desktop/alti.code.studio/alti.code.studio.backend/check_refactor_agent.js:35:37)
