[dotenv@17.3.1] injecting env (12) from .env -- tip: ΓÜÖ∩╕Å  suppress all logs with { quiet: true }
{
  message: '≡ƒö¡ Observability: Langfuse keys missing. Tracing disabled.',
  level: 'warn',
  label: 'INSO Code Service',
  timestamp: '2026-02-16T18:46:46.617Z'
}
{
  message: 'Γ£à AuditService: Connected to Google Cloud Logging',
  level: 'info',
  label: 'INSO Code Service',
  timestamp: '2026-02-16T18:46:47.757Z'
}
[dotenv@17.3.1] injecting env (0) from .env -- tip: ≡ƒöÉ encrypt with Dotenvx: https://dotenvx.com
--- Attempting Real MongoDB Connection ---
Cannot instantiate a collection with the DefaultEmbeddingFunction. Please install @chroma-core/default-embed, or provide a different embedding function
(node:22232) [DEP0169] DeprecationWarning: `url.parse()` behavior is not standardized and prone to errors that have security implications. Use the WHATWG URL API instead. CVEs are not issued for `url.parse()` vulnerabilities.
(Use `node --trace-deprecation ...` to show where the warning was created)
{
  cause: undefined,
  name: 'ChromaConnectionError',
  level: 'error',
  message: 'Γ¥î VectorStore init failed. Is Chroma running? Failed to connect to chromadb. Make sure your server is running and try again. If you are running from a browser, make sure that your chromadb instance is configured to allow requests from the current origin using the CHROMA_SERVER_CORS_ALLOW_ORIGINS environment variable.',
  stack: 'ChromaConnectionError: Failed to connect to chromadb. Make sure your server is running and try again. If you are running from a browser, make sure that your chromadb instance is configured to allow requests from the current origin using the CHROMA_SERVER_CORS_ALLOW_ORIGINS environment variable.\n' +
    '    at chromaFetch (file:///C:/Users/hyper/Desktop/workspace/alti.code.studio/alti.code.studio.backend/node_modules/chromadb/dist/chromadb.mjs:4592:13)\n' +
    '    at process.processTicksAndRejections (node:internal/process/task_queues:104:5)\n' +
    '    at async o (file:///C:/Users/hyper/Desktop/workspace/alti.code.studio/alti.code.studio.backend/node_modules/chromadb/dist/chromadb.mjs:338:26)\n' +
    '    at async ChromaClient.getOrCreateCollection (file:///C:/Users/hyper/Desktop/workspace/alti.code.studio/alti.code.studio.backend/node_modules/chromadb/dist/chromadb.mjs:5104:22)\n' +
    '    at async VectorStoreService.init (file:///C:/Users/hyper/Desktop/workspace/alti.code.studio/alti.code.studio.backend/src/app/modules/memory/vector.store.js:16:31)',
  label: 'INSO Code Service',
  timestamp: '2026-02-16T18:46:47.905Z'
}
--- Real MongoDB Failed. Entering Falback ---
{
  message: 'ΓÜá∩╕Å Local MongoDB connection failed: connect ECONNREFUSED ::1:27017, connect ECONNREFUSED 127.0.0.1:27017',
  level: 'warn',
  label: 'INSO Code Service',
  timestamp: '2026-02-16T18:46:49.844Z'
}
{
  message: 'ΓÜá∩╕Å Switching to In-Memory MongoDB (Mock Mode)...',
  level: 'warn',
  label: 'INSO Code Service',
  timestamp: '2026-02-16T18:46:49.844Z'
}
--- Importing MongoMemoryServer ---
--- Creating MongoMemoryServer Instance ---
--- Getting URI ---
--- Connecting Mongoose to mongodb://127.0.0.1:52281/ ---
{
  message: 'Γ£à Connected to In-Memory MongoDB at mongodb://127.0.0.1:52281/',
  level: 'info',
  label: 'INSO Code Service',
  timestamp: '2026-02-16T18:46:51.156Z'
}
{
  message: '≡ƒÜÇ Server listening on port 5000',
  level: 'info',
  label: 'INSO Code Service',
  timestamp: '2026-02-16T18:46:51.159Z'
}
{
  message: '≡ƒöî Socket.io: Initializing...',
  level: 'info',
  label: 'INSO Code Service',
  timestamp: '2026-02-16T18:46:51.276Z'
}
{
  message: '≡ƒöî Socket.io: Wired to GraphOrchestrator',
  level: 'info',
  label: 'INSO Code Service',
  timestamp: '2026-02-16T18:46:51.282Z'
}
[REQUEST] POST /api/v1/agents/mission
{
  message: 'ΓÜá∩╕Å RateLimitService: Redis unreachable (). Using In-Memory fallback.',
  level: 'warn',
  label: 'INSO Code Service',
  timestamp: '2026-02-16T18:47:12.537Z'
}
{
  message: '≡ƒöÆ [DLP] Blocked request containing SSN',
  level: 'warn',
  label: 'INSO Code Service',
  timestamp: '2026-02-16T18:47:12.545Z'
}
{
  message: '≡ƒ¢í∩╕Å [AUDIT] DLP_SCAN by anonymous: DENIED',
  level: 'info',
  label: 'INSO Code Service',
  timestamp: '2026-02-16T18:47:12.551Z'
}
[REQUEST] POST /api/v1/agents/mission
{
  message: '≡ƒöÆ [DLP] Blocked request containing API_KEY',
  level: 'warn',
  label: 'INSO Code Service',
  timestamp: '2026-02-16T18:47:12.593Z'
}
{
  message: '≡ƒ¢í∩╕Å [AUDIT] DLP_SCAN by anonymous: DENIED',
  level: 'info',
  label: 'INSO Code Service',
  timestamp: '2026-02-16T18:47:12.594Z'
}
[REQUEST] GET /api/v1/agents/status
[REQUEST] GET /api/v1/agents/status
[REQUEST] GET /api/v1/agents/status
[REQUEST] GET /api/v1/agents/status
[REQUEST] GET /api/v1/agents/status
[REQUEST] GET /api/v1/agents/status
[REQUEST] GET /api/v1/agents/status
[REQUEST] GET /api/v1/agents/status
[REQUEST] GET /api/v1/agents/status
[REQUEST] GET /api/v1/agents/status
[REQUEST] GET /api/v1/agents/status
[REQUEST] GET /api/v1/agents/status
[REQUEST] GET /api/v1/agents/status
[REQUEST] GET /api/v1/agents/status
[REQUEST] GET /api/v1/agents/status
[REQUEST] GET /api/v1/agents/status
[REQUEST] POST /api/v1/agents/mission
≡ƒƒó globalErrorHandler ~ TypeError: Cannot read properties of undefined (reading 'id')
    at file:///C:/Users/hyper/Desktop/workspace/alti.code.studio/alti.code.studio.backend/src/app/modules/agents/agent.controller.js:10:29
    at file:///C:/Users/hyper/Desktop/workspace/alti.code.studio/alti.code.studio.backend/src/shared/catchAsync.js:4:13
    at Layer.handle [as handle_request] (C:\Users\hyper\Desktop\workspace\alti.code.studio\alti.code.studio.backend\node_modules\express\lib\router\layer.js:95:5)
    at next (C:\Users\hyper\Desktop\workspace\alti.code.studio\alti.code.studio.backend\node_modules\express\lib\router\route.js:149:13)
    at Route.dispatch (C:\Users\hyper\Desktop\workspace\alti.code.studio\alti.code.studio.backend\node_modules\express\lib\router\route.js:119:3)
    at Layer.handle [as handle_request] (C:\Users\hyper\Desktop\workspace\alti.code.studio\alti.code.studio.backend\node_modules\express\lib\router\layer.js:95:5)
    at C:\Users\hyper\Desktop\workspace\alti.code.studio\alti.code.studio.backend\node_modules\express\lib\router\index.js:284:15
    at router.process_params (C:\Users\hyper\Desktop\workspace\alti.code.studio\alti.code.studio.backend\node_modules\express\lib\router\index.js:346:12)
    at next (C:\Users\hyper\Desktop\workspace\alti.code.studio\alti.code.studio.backend\node_modules\express\lib\router\index.js:280:10)
    at router.handle (C:\Users\hyper\Desktop\workspace\alti.code.studio\alti.code.studio.backend\node_modules\express\lib\router\index.js:175:3)
[REQUEST] POST /api/v1/agents/mission
{
  message: '≡ƒöÆ [DLP] Blocked request containing SSN',
  level: 'warn',
  label: 'INSO Code Service',
  timestamp: '2026-02-16T18:48:18.706Z'
}
{
  message: '≡ƒ¢í∩╕Å [AUDIT] DLP_SCAN by anonymous: DENIED',
  level: 'info',
  label: 'INSO Code Service',
  timestamp: '2026-02-16T18:48:18.709Z'
}
[REQUEST] POST /api/v1/agents/mission
{
  message: '≡ƒöÆ [DLP] Blocked request containing API_KEY',
  level: 'warn',
  label: 'INSO Code Service',
  timestamp: '2026-02-16T18:48:18.738Z'
}
{
  message: '≡ƒ¢í∩╕Å [AUDIT] DLP_SCAN by anonymous: DENIED',
  level: 'info',
  label: 'INSO Code Service',
  timestamp: '2026-02-16T18:48:18.739Z'
}
[REQUEST] GET /api/v1/agents/status
[REQUEST] GET /api/v1/agents/status
[REQUEST] GET /api/v1/agents/status
[REQUEST] GET /api/v1/agents/status
[REQUEST] GET /api/v1/agents/status
[REQUEST] GET /api/v1/agents/status
[REQUEST] GET /api/v1/agents/status
[REQUEST] GET /api/v1/agents/status
[REQUEST] GET /api/v1/agents/status
[REQUEST] GET /api/v1/agents/status
[REQUEST] GET /api/v1/agents/status
[REQUEST] GET /api/v1/agents/status
[REQUEST] GET /api/v1/agents/status
[REQUEST] GET /api/v1/agents/status
[REQUEST] GET /api/v1/agents/status
[REQUEST] GET /api/v1/agents/status
[REQUEST] POST /api/v1/agents/mission
≡ƒƒó globalErrorHandler ~ TypeError: Cannot read properties of undefined (reading 'id')
    at file:///C:/Users/hyper/Desktop/workspace/alti.code.studio/alti.code.studio.backend/src/app/modules/agents/agent.controller.js:10:29
    at file:///C:/Users/hyper/Desktop/workspace/alti.code.studio/alti.code.studio.backend/src/shared/catchAsync.js:4:13
    at Layer.handle [as handle_request] (C:\Users\hyper\Desktop\workspace\alti.code.studio\alti.code.studio.backend\node_modules\express\lib\router\layer.js:95:5)
    at next (C:\Users\hyper\Desktop\workspace\alti.code.studio\alti.code.studio.backend\node_modules\express\lib\router\route.js:149:13)
    at Route.dispatch (C:\Users\hyper\Desktop\workspace\alti.code.studio\alti.code.studio.backend\node_modules\express\lib\router\route.js:119:3)
    at Layer.handle [as handle_request] (C:\Users\hyper\Desktop\workspace\alti.code.studio\alti.code.studio.backend\node_modules\express\lib\router\layer.js:95:5)
    at C:\Users\hyper\Desktop\workspace\alti.code.studio\alti.code.studio.backend\node_modules\express\lib\router\index.js:284:15
    at router.process_params (C:\Users\hyper\Desktop\workspace\alti.code.studio\alti.code.studio.backend\node_modules\express\lib\router\index.js:346:12)
    at next (C:\Users\hyper\Desktop\workspace\alti.code.studio\alti.code.studio.backend\node_modules\express\lib\router\index.js:280:10)
    at router.handle (C:\Users\hyper\Desktop\workspace\alti.code.studio\alti.code.studio.backend\node_modules\express\lib\router\index.js:175:3)
