[dotenv@17.3.1] injecting env (12) from .env -- tip: ΓÜÖ∩╕Å  load multiple .env files with { path: ['.env.local', '.env'] }
{
  message: '≡ƒö¡ Observability: Langfuse keys missing. Tracing disabled.',
  level: 'warn',
  label: 'INSO Code Service',
  timestamp: '2026-02-16T18:48:06.121Z'
}
{
  message: 'Γ£à AuditService: Connected to Google Cloud Logging',
  level: 'info',
  label: 'INSO Code Service',
  timestamp: '2026-02-16T18:48:07.230Z'
}
[dotenv@17.3.1] injecting env (0) from .env -- tip: ≡ƒöÉ encrypt with Dotenvx: https://dotenvx.com
--- Attempting Real MongoDB Connection ---
Cannot instantiate a collection with the DefaultEmbeddingFunction. Please install @chroma-core/default-embed, or provide a different embedding function
(node:16972) [DEP0169] DeprecationWarning: `url.parse()` behavior is not standardized and prone to errors that have security implications. Use the WHATWG URL API instead. CVEs are not issued for `url.parse()` vulnerabilities.
(Use `node --trace-deprecation ...` to show where the warning was created)
{
  cause: undefined,
  name: 'ChromaConnectionError',
  level: 'error',
  message: 'Γ¥î VectorStore init failed. Is Chroma running? Failed to connect to chromadb. Make sure your server is running and try again. If you are running from a browser, make sure that your chromadb instance is configured to allow requests from the current origin using the CHROMA_SERVER_CORS_ALLOW_ORIGINS environment variable.',
  stack: 'ChromaConnectionError: Failed to connect to chromadb. Make sure your server is running and try again. If you are running from a browser, make sure that your chromadb instance is configured to allow requests from the current origin using the CHROMA_SERVER_CORS_ALLOW_ORIGINS environment variable.\n' +
    '    at chromaFetch (file:///C:/Users/hyper/Desktop/workspace/alti.code.studio/alti.code.studio.backend/node_modules/chromadb/dist/chromadb.mjs:4592:13)\n' +
    '    at process.processTicksAndRejections (node:internal/process/task_queues:104:5)\n' +
    '    at async o (file:///C:/Users/hyper/Desktop/workspace/alti.code.studio/alti.code.studio.backend/node_modules/chromadb/dist/chromadb.mjs:338:26)\n' +
    '    at async ChromaClient.getOrCreateCollection (file:///C:/Users/hyper/Desktop/workspace/alti.code.studio/alti.code.studio.backend/node_modules/chromadb/dist/chromadb.mjs:5104:22)\n' +
    '    at async VectorStoreService.init (file:///C:/Users/hyper/Desktop/workspace/alti.code.studio/alti.code.studio.backend/src/app/modules/memory/vector.store.js:16:31)',
  label: 'INSO Code Service',
  timestamp: '2026-02-16T18:48:07.374Z'
}
--- Real MongoDB Failed. Entering Falback ---
{
  message: 'ΓÜá∩╕Å Local MongoDB connection failed: connect ECONNREFUSED ::1:27017, connect ECONNREFUSED 127.0.0.1:27017',
  level: 'warn',
  label: 'INSO Code Service',
  timestamp: '2026-02-16T18:48:09.323Z'
}
{
  message: 'ΓÜá∩╕Å Switching to In-Memory MongoDB (Mock Mode)...',
  level: 'warn',
  label: 'INSO Code Service',
  timestamp: '2026-02-16T18:48:09.324Z'
}
--- Importing MongoMemoryServer ---
--- Creating MongoMemoryServer Instance ---
--- Getting URI ---
--- Connecting Mongoose to mongodb://127.0.0.1:54312/ ---
{
  message: 'Γ£à Connected to In-Memory MongoDB at mongodb://127.0.0.1:54312/',
  level: 'info',
  label: 'INSO Code Service',
  timestamp: '2026-02-16T18:48:10.258Z'
}
Uncaught Exception detected: Error: listen EADDRINUSE: address already in use :::5000
    at Server.setupListenHandle [as _listen2] (node:net:2016:16)
    at listenInCluster (node:net:2073:12)
    at Server.listen (node:net:2178:7)
    at main (file:///C:/Users/hyper/Desktop/workspace/alti.code.studio/alti.code.studio.backend/server.js:55:37)
    at process.processTicksAndRejections (node:internal/process/task_queues:104:5) {
  code: 'EADDRINUSE',
  errno: -4091,
  syscall: 'listen',
  address: '::',
  port: 5000
}
